[1/80] CORRECTED-U+ BASE - gHalf=- 74 s
[2/80] CORRECTED-U+ PATCHY all lLN2P gHalf=- 15 s
[3/80] CORRECTED-U+ PATCHY lLN2P_a gHalf=- 13 s
[4/80] CORRECTED-U+ PATCHY lLN2P_b gHalf=- 13 s
[5/80] CORRECTED-U+ PATCHY lLN2P_c gHalf=- 13 s
[6/80] CORRECTED-U+ PRESYN - gHalf=1 83 s
[7/80] CORRECTED-U+ PRESYN - gHalf=4 75 s
[8/80] CORRECTED-U+ PRESYN - gHalf=16 82 s
[9/80] CORRECTED-U+ BOTH all lLN2P gHalf=1 93 s
[10/80] CORRECTED-U+ BOTH all lLN2P gHalf=4 98 s
[11/80] CORRECTED-U+ BOTH all lLN2P gHalf=16 102 s
[12/80] CORRECTED-U+ BOTH lLN2P_a gHalf=1 92 s
[13/80] CORRECTED-U+ BOTH lLN2P_a gHalf=4 96 s
[14/80] CORRECTED-U+ BOTH lLN2P_a gHalf=16 98 s
[15/80] CORRECTED-U+ BOTH lLN2P_b gHalf=1 100 s
[16/80] CORRECTED-U+ BOTH lLN2P_b gHalf=4 101 s
[17/80] CORRECTED-U+ BOTH lLN2P_b gHalf=16 97 s
[18/80] CORRECTED-U+ BOTH lLN2P_c gHalf=1 102 s
[19/80] CORRECTED-U+ BOTH lLN2P_c gHalf=4 100 s
[20/80] CORRECTED-U+ BOTH lLN2P_c gHalf=16 99 s
[21/80] CORRECTED-U- BASE - gHalf=- 37 s
[22/80] CORRECTED-U- PATCHY all lLN2P gHalf=- 8 s
[23/80] CORRECTED-U- PATCHY lLN2P_a gHalf=- 6 s
[24/80] CORRECTED-U- PATCHY lLN2P_b gHalf=- 6 s
[25/80] CORRECTED-U- PATCHY lLN2P_c gHalf=- 6 s
[26/80] CORRECTED-U- PRESYN - gHalf=1 43 s
[27/80] CORRECTED-U- PRESYN - gHalf=4 42 s
[28/80] CORRECTED-U- PRESYN - gHalf=16 42 s
[29/80] CORRECTED-U- BOTH all lLN2P gHalf=1 53 s
[30/80] CORRECTED-U- BOTH all lLN2P gHalf=4 52 s
[31/80] CORRECTED-U- BOTH all lLN2P gHalf=16 53 s
[32/80] CORRECTED-U- BOTH lLN2P_a gHalf=1 46 s
[33/80] CORRECTED-U- BOTH lLN2P_a gHalf=4 46 s
[34/80] CORRECTED-U- BOTH lLN2P_a gHalf=16 47 s
[35/80] CORRECTED-U- BOTH lLN2P_b gHalf=1 47 s
[36/80] CORRECTED-U- BOTH lLN2P_b gHalf=4 50 s
[37/80] CORRECTED-U- BOTH lLN2P_b gHalf=16 48 s
[38/80] CORRECTED-U- BOTH lLN2P_c gHalf=1 47 s
[39/80] CORRECTED-U- BOTH lLN2P_c gHalf=4 47 s
[40/80] CORRECTED-U- BOTH lLN2P_c gHalf=16 47 s
[41/80] TYPE-CONSENSUS/T+ BASE - gHalf=- 82 s
[42/80] TYPE-CONSENSUS/T+ PATCHY all lLN2P gHalf=- 13 s
[43/80] TYPE-CONSENSUS/T+ PATCHY lLN2P_a gHalf=- 11 s
[44/80] TYPE-CONSENSUS/T+ PATCHY lLN2P_b gHalf=- 11 s
[45/80] TYPE-CONSENSUS/T+ PATCHY lLN2P_c gHalf=- 11 s
[46/80] TYPE-CONSENSUS/T+ PRESYN - gHalf=1 83 s
[47/80] TYPE-CONSENSUS/T+ PRESYN - gHalf=4 77 s
[48/80] TYPE-CONSENSUS/T+ PRESYN - gHalf=16 88 s
[49/80] TYPE-CONSENSUS/T+ BOTH all lLN2P gHalf=1 100 s
[50/80] TYPE-CONSENSUS/T+ BOTH all lLN2P gHalf=4 101 s
[51/80] TYPE-CONSENSUS/T+ BOTH all lLN2P gHalf=16 95 s
[52/80] TYPE-CONSENSUS/T+ BOTH lLN2P_a gHalf=1 89 s
[53/80] TYPE-CONSENSUS/T+ BOTH lLN2P_a gHalf=4 89 s
[54/80] TYPE-CONSENSUS/T+ BOTH lLN2P_a gHalf=16 99 s
[55/80] TYPE-CONSENSUS/T+ BOTH lLN2P_b gHalf=1 96 s
[56/80] TYPE-CONSENSUS/T+ BOTH lLN2P_b gHalf=4 90 s
[57/80] TYPE-CONSENSUS/T+ BOTH lLN2P_b gHalf=16 94 s
[58/80] TYPE-CONSENSUS/T+ BOTH lLN2P_c gHalf=1 89 s
[59/80] TYPE-CONSENSUS/T+ BOTH lLN2P_c gHalf=4 96 s
[60/80] TYPE-CONSENSUS/T+ BOTH lLN2P_c gHalf=16 94 s
[61/80] TYPE-CONSENSUS/T- BASE - gHalf=- 68 s
[62/80] TYPE-CONSENSUS/T- PATCHY all lLN2P gHalf=- 9 s
[63/80] TYPE-CONSENSUS/T- PATCHY lLN2P_a gHalf=- 8 s
[64/80] TYPE-CONSENSUS/T- PATCHY lLN2P_b gHalf=- 8 s
[65/80] TYPE-CONSENSUS/T- PATCHY lLN2P_c gHalf=- 8 s
[66/80] TYPE-CONSENSUS/T- PRESYN - gHalf=1 69 s
[67/80] TYPE-CONSENSUS/T- PRESYN - gHalf=4 71 s
[68/80] TYPE-CONSENSUS/T- PRESYN - gHalf=16 70 s
[69/80] TYPE-CONSENSUS/T- BOTH all lLN2P gHalf=1 90 s
[70/80] TYPE-CONSENSUS/T- BOTH all lLN2P gHalf=4 82 s
[71/80] TYPE-CONSENSUS/T- BOTH all lLN2P gHalf=16 83 s
[72/80] TYPE-CONSENSUS/T- BOTH lLN2P_a gHalf=1 78 s
[73/80] TYPE-CONSENSUS/T- BOTH lLN2P_a gHalf=4 77 s
[74/80] TYPE-CONSENSUS/T- BOTH lLN2P_a gHalf=16 76 s
[75/80] TYPE-CONSENSUS/T- BOTH lLN2P_b gHalf=1 74 s
[76/80] TYPE-CONSENSUS/T- BOTH lLN2P_b gHalf=4 81 s
[77/80] TYPE-CONSENSUS/T- BOTH lLN2P_b gHalf=16 81 s
[78/80] TYPE-CONSENSUS/T- BOTH lLN2P_c gHalf=1 77 s
[79/80] TYPE-CONSENSUS/T- BOTH lLN2P_c gHalf=4 70 s
[80/80] TYPE-CONSENSUS/T- BOTH lLN2P_c gHalf=16 75 s
# CinderBrain Variant 1 step G4: local and global inhibition (no electrical synapses)

pack flywire-783-v1; test glomeruli VC4, DC1, DM6, VM3, DA3; public draws nested (n = 4 is the first 4 of the 16); 80 conditions.

Q1 LOCAL (median compartment ratio >= 3): 36/64 conditions pass -> not robust
Q2 GLOBAL (PN falls with n, ratio 0.10 below BASE, p falls): 3/24 conditions pass -> not robust

| label set | mech | patchy | gHalf | Q1 median ratio (pairs) | LOCAL | PN n=0/4/16 Hz | p n=0/4/16 | R16/R0 | GLOBAL | uni overlap k3/k8 | uni firing k3/k8 | KC overlap k3/k8 | KC active k3/k8 |
|---|---|---|---|---|---|---|---|---|---|---|---|---|---|
| CORRECTED-U+ | BASE | - | - | - | - | 208.9 / 213.0 / 211.5 | 1.000 / 1.000 / 1.000 | 1.013 | - | 0.935 / 0.934 | 0.827 / 0.837 | 0.881 / 0.892 | 0.434 / 0.473 |
| CORRECTED-U+ | PATCHY | all lLN2P | - | 1.565 (1378) | no | - | - | - | - | 0.962 / 0.963 | 0.881 / 0.896 | 0.900 / 0.904 | 0.453 / 0.488 |
| CORRECTED-U+ | PATCHY | lLN2P_a | - | 1.419 (474) | no | - | - | - | - | 0.936 / 0.932 | 0.826 / 0.835 | 0.883 / 0.891 | 0.433 / 0.472 |
| CORRECTED-U+ | PATCHY | lLN2P_b | - | 1.725 (509) | no | - | - | - | - | 0.941 / 0.938 | 0.836 / 0.847 | 0.887 / 0.894 | 0.437 / 0.475 |
| CORRECTED-U+ | PATCHY | lLN2P_c | - | 2.022 (395) | no | - | - | - | - | 0.958 / 0.961 | 0.873 / 0.888 | 0.898 / 0.903 | 0.452 / 0.488 |
| CORRECTED-U+ | PRESYN | - | 1 | - | - | 191.8 / 192.7 / 192.7 | 0.613 / 0.591 / 0.588 | 1.005 | no | 0.934 / 0.935 | 0.823 / 0.834 | 0.884 / 0.900 | 0.439 / 0.475 |
| CORRECTED-U+ | PRESYN | - | 4 | - | - | 194.3 / 196.4 / 196.1 | 0.701 / 0.681 / 0.676 | 1.009 | no | 0.935 / 0.936 | 0.823 / 0.834 | 0.884 / 0.900 | 0.438 / 0.475 |
| CORRECTED-U+ | PRESYN | - | 16 | - | - | 198.4 / 202.1 / 201.2 | 0.826 / 0.814 / 0.810 | 1.014 | no | 0.934 / 0.935 | 0.823 / 0.835 | 0.884 / 0.900 | 0.438 / 0.476 |
| CORRECTED-U+ | BOTH | all lLN2P | 1 | 1.555 (1378) | no | 195.8 / 196.1 / 194.7 | 0.644 / 0.618 / 0.614 | 0.994 | no | 0.958 / 0.964 | 0.880 / 0.894 | 0.897 / 0.907 | 0.457 / 0.489 |
| CORRECTED-U+ | BOTH | all lLN2P | 4 | 1.555 (1378) | no | 200.1 / 200.8 / 198.8 | 0.727 / 0.707 / 0.702 | 0.994 | no | 0.958 / 0.963 | 0.880 / 0.894 | 0.898 / 0.908 | 0.457 / 0.490 |
| CORRECTED-U+ | BOTH | all lLN2P | 16 | 1.556 (1378) | no | 204.4 / 206.7 / 205.2 | 0.845 / 0.833 / 0.830 | 1.004 | no | 0.958 / 0.963 | 0.880 / 0.894 | 0.896 / 0.907 | 0.457 / 0.490 |
| CORRECTED-U+ | BOTH | lLN2P_a | 1 | 1.411 (474) | no | 191.7 / 193.7 / 192.9 | 0.615 / 0.591 / 0.588 | 1.006 | no | 0.935 / 0.934 | 0.825 / 0.834 | 0.883 / 0.899 | 0.437 / 0.475 |
| CORRECTED-U+ | BOTH | lLN2P_a | 4 | 1.411 (474) | no | 194.4 / 196.5 / 196.2 | 0.702 / 0.681 / 0.676 | 1.009 | no | 0.936 / 0.934 | 0.824 / 0.834 | 0.884 / 0.898 | 0.437 / 0.475 |
| CORRECTED-U+ | BOTH | lLN2P_a | 16 | 1.410 (474) | no | 199.1 / 202.0 / 200.3 | 0.827 / 0.813 / 0.810 | 1.006 | no | 0.936 / 0.934 | 0.824 / 0.834 | 0.883 / 0.898 | 0.437 / 0.475 |
| CORRECTED-U+ | BOTH | lLN2P_b | 1 | 1.659 (509) | no | 198.1 / 197.6 / 197.3 | 0.640 / 0.617 / 0.613 | 0.996 | no | 0.940 / 0.941 | 0.832 / 0.847 | 0.885 / 0.899 | 0.442 / 0.478 |
| CORRECTED-U+ | BOTH | lLN2P_b | 4 | 1.659 (509) | no | 202.9 / 202.4 / 201.7 | 0.724 / 0.705 / 0.701 | 0.994 | no | 0.940 / 0.942 | 0.832 / 0.848 | 0.886 / 0.899 | 0.442 / 0.478 |
| CORRECTED-U+ | BOTH | lLN2P_b | 16 | 1.660 (509) | no | 208.1 / 208.1 / 207.6 | 0.843 / 0.833 / 0.829 | 0.998 | no | 0.940 / 0.942 | 0.832 / 0.848 | 0.886 / 0.898 | 0.442 / 0.478 |
| CORRECTED-U+ | BOTH | lLN2P_c | 1 | 1.941 (395) | no | 190.2 / 191.3 / 190.4 | 0.615 / 0.592 / 0.588 | 1.001 | no | 0.957 / 0.964 | 0.871 / 0.888 | 0.898 / 0.911 | 0.457 / 0.490 |
| CORRECTED-U+ | BOTH | lLN2P_c | 4 | 1.941 (395) | no | 193.5 / 194.6 / 192.8 | 0.701 / 0.682 / 0.677 | 0.996 | no | 0.955 / 0.964 | 0.871 / 0.888 | 0.899 / 0.911 | 0.456 / 0.490 |
| CORRECTED-U+ | BOTH | lLN2P_c | 16 | 1.941 (395) | no | 196.6 / 197.9 / 199.0 | 0.827 / 0.814 / 0.810 | 1.012 | no | 0.956 / 0.964 | 0.871 / 0.888 | 0.899 / 0.911 | 0.457 / 0.491 |
| CORRECTED-U- | BASE | - | - | - | - | 162.2 / 161.4 / 146.0 | 1.000 / 1.000 / 1.000 | 0.900 | - | 0.381 / 0.489 | 0.220 / 0.305 | 0.047 / 0.056 | 0.015 / 0.016 |
| CORRECTED-U- | PATCHY | all lLN2P | - | 44.448 (1378) | yes | - | - | - | - | 0.392 / 0.549 | 0.236 / 0.353 | 0.047 / 0.060 | 0.011 / 0.014 |
| CORRECTED-U- | PATCHY | lLN2P_a | - | 97.117 (474) | yes | - | - | - | - | 0.388 / 0.489 | 0.226 / 0.312 | 0.048 / 0.060 | 0.014 / 0.016 |
| CORRECTED-U- | PATCHY | lLN2P_b | - | 61.051 (509) | yes | - | - | - | - | 0.388 / 0.500 | 0.226 / 0.315 | 0.047 / 0.059 | 0.012 / 0.016 |
| CORRECTED-U- | PATCHY | lLN2P_c | - | 149.005 (395) | yes | - | - | - | - | 0.396 / 0.542 | 0.233 / 0.331 | 0.051 / 0.059 | 0.013 / 0.014 |
| CORRECTED-U- | PRESYN | - | 1 | - | - | 134.0 / 121.1 / 103.9 | 0.826 / 0.769 / 0.720 | 0.775 | yes | 0.362 / 0.487 | 0.225 / 0.311 | 0.046 / 0.069 | 0.016 / 0.013 |
| CORRECTED-U- | PRESYN | - | 4 | - | - | 135.5 / 127.0 / 112.9 | 0.897 / 0.865 / 0.814 | 0.833 | no | 0.363 / 0.486 | 0.225 / 0.310 | 0.047 / 0.066 | 0.016 / 0.014 |
| CORRECTED-U- | PRESYN | - | 16 | - | - | 136.0 / 125.9 / 119.7 | 0.959 / 0.946 / 0.913 | 0.881 | no | 0.361 / 0.483 | 0.226 / 0.310 | 0.049 / 0.071 | 0.016 / 0.014 |
| CORRECTED-U- | BOTH | all lLN2P | 1 | 45.340 (1378) | yes | 139.9 / 126.2 / 101.0 | 0.919 / 0.847 / 0.795 | 0.722 | yes | 0.378 / 0.562 | 0.241 / 0.355 | 0.048 / 0.058 | 0.015 / 0.012 |
| CORRECTED-U- | BOTH | all lLN2P | 4 | 45.376 (1378) | yes | 141.8 / 132.5 / 111.1 | 0.960 / 0.920 / 0.871 | 0.784 | yes | 0.380 / 0.557 | 0.240 / 0.362 | 0.054 / 0.059 | 0.015 / 0.012 |
| CORRECTED-U- | BOTH | all lLN2P | 16 | 45.405 (1378) | yes | 144.4 / 135.3 / 120.1 | 0.986 / 0.971 / 0.941 | 0.831 | no | 0.379 / 0.562 | 0.239 / 0.359 | 0.053 / 0.059 | 0.016 / 0.012 |
| CORRECTED-U- | BOTH | lLN2P_a | 1 | 87.498 (474) | yes | 135.6 / 122.2 / 103.8 | 0.826 / 0.769 / 0.717 | 0.765 | yes | 0.379 / 0.491 | 0.227 / 0.320 | 0.047 / 0.063 | 0.016 / 0.014 |
| CORRECTED-U- | BOTH | lLN2P_a | 4 | 87.498 (474) | yes | 141.2 / 126.3 / 116.0 | 0.913 / 0.865 / 0.821 | 0.821 | no | 0.382 / 0.487 | 0.227 / 0.319 | 0.048 / 0.063 | 0.016 / 0.014 |
| CORRECTED-U- | BOTH | lLN2P_a | 16 | 87.498 (474) | yes | 140.2 / 130.5 / 120.6 | 0.965 / 0.946 / 0.915 | 0.860 | no | 0.377 / 0.485 | 0.228 / 0.315 | 0.050 / 0.062 | 0.016 / 0.013 |
| CORRECTED-U- | BOTH | lLN2P_b | 1 | 49.114 (509) | yes | 156.8 / 142.0 / 121.5 | 0.917 / 0.847 / 0.782 | 0.775 | yes | 0.374 / 0.494 | 0.230 / 0.316 | 0.054 / 0.063 | 0.017 / 0.013 |
| CORRECTED-U- | BOTH | lLN2P_b | 4 | 49.114 (509) | yes | 159.3 / 147.2 / 130.8 | 0.959 / 0.917 / 0.863 | 0.821 | no | 0.372 / 0.497 | 0.228 / 0.316 | 0.056 / 0.063 | 0.017 / 0.013 |
| CORRECTED-U- | BOTH | lLN2P_b | 16 | 49.114 (509) | yes | 161.4 / 152.5 / 135.4 | 0.986 / 0.970 / 0.939 | 0.839 | no | 0.368 / 0.496 | 0.227 / 0.317 | 0.057 / 0.062 | 0.017 / 0.013 |
| CORRECTED-U- | BOTH | lLN2P_c | 1 | 159.770 (395) | yes | 125.2 / 110.7 / 92.2 | 0.838 / 0.771 / 0.734 | 0.736 | yes | 0.384 / 0.544 | 0.234 / 0.340 | 0.043 / 0.061 | 0.014 / 0.012 |
| CORRECTED-U- | BOTH | lLN2P_c | 4 | 162.409 (395) | yes | 130.2 / 113.8 / 95.9 | 0.909 / 0.867 / 0.827 | 0.736 | yes | 0.383 / 0.540 | 0.233 / 0.338 | 0.043 / 0.060 | 0.014 / 0.012 |
| CORRECTED-U- | BOTH | lLN2P_c | 16 | 159.688 (395) | yes | 130.1 / 120.2 / 104.4 | 0.965 / 0.948 / 0.919 | 0.802 | no | 0.383 / 0.541 | 0.235 / 0.334 | 0.042 / 0.057 | 0.014 / 0.012 |
| TYPE-CONSENSUS/T+ | BASE | - | - | - | - | 202.6 / 207.3 / 204.6 | 1.000 / 1.000 / 1.000 | 1.010 | - | 0.921 / 0.906 | 0.758 / 0.785 | 0.794 / 0.827 | 0.315 / 0.369 |
| TYPE-CONSENSUS/T+ | PATCHY | all lLN2P | - | 2.505 (1378) | no | - | - | - | - | 0.929 / 0.930 | 0.825 / 0.851 | 0.827 / 0.851 | 0.337 / 0.384 |
| TYPE-CONSENSUS/T+ | PATCHY | lLN2P_a | - | 2.516 (474) | no | - | - | - | - | 0.923 / 0.911 | 0.760 / 0.787 | 0.795 / 0.826 | 0.312 / 0.367 |
| TYPE-CONSENSUS/T+ | PATCHY | lLN2P_b | - | 2.718 (509) | no | - | - | - | - | 0.925 / 0.909 | 0.774 / 0.797 | 0.794 / 0.826 | 0.320 / 0.370 |
| TYPE-CONSENSUS/T+ | PATCHY | lLN2P_c | - | 4.465 (395) | yes | - | - | - | - | 0.925 / 0.923 | 0.803 / 0.829 | 0.820 / 0.846 | 0.335 / 0.382 |
| TYPE-CONSENSUS/T+ | PRESYN | - | 1 | - | - | 184.4 / 185.6 / 183.6 | 0.627 / 0.595 / 0.589 | 0.996 | no | 0.925 / 0.906 | 0.759 / 0.785 | 0.799 / 0.837 | 0.315 / 0.366 |
| TYPE-CONSENSUS/T+ | PRESYN | - | 4 | - | - | 185.5 / 188.1 / 187.4 | 0.723 / 0.690 / 0.682 | 1.010 | no | 0.925 / 0.906 | 0.759 / 0.785 | 0.801 / 0.836 | 0.315 / 0.367 |
| TYPE-CONSENSUS/T+ | PRESYN | - | 16 | - | - | 187.7 / 190.9 / 189.1 | 0.845 / 0.823 / 0.817 | 1.007 | no | 0.923 / 0.906 | 0.759 / 0.785 | 0.800 / 0.836 | 0.316 / 0.367 |
| TYPE-CONSENSUS/T+ | BOTH | all lLN2P | 1 | 2.486 (1378) | no | 189.6 / 190.6 / 188.3 | 0.670 / 0.622 / 0.616 | 0.993 | no | 0.929 / 0.929 | 0.823 / 0.850 | 0.826 / 0.854 | 0.340 / 0.383 |
| TYPE-CONSENSUS/T+ | BOTH | all lLN2P | 4 | 2.490 (1378) | no | 191.5 / 194.3 / 191.6 | 0.756 / 0.718 / 0.708 | 1.001 | no | 0.929 / 0.927 | 0.824 / 0.850 | 0.826 / 0.853 | 0.340 / 0.382 |
| TYPE-CONSENSUS/T+ | BOTH | all lLN2P | 16 | 2.494 (1378) | no | 194.8 / 197.6 / 195.3 | 0.867 / 0.845 / 0.837 | 1.003 | no | 0.929 / 0.928 | 0.824 / 0.849 | 0.826 / 0.853 | 0.341 / 0.382 |
| TYPE-CONSENSUS/T+ | BOTH | lLN2P_a | 1 | 2.891 (474) | no | 183.7 / 186.4 / 184.2 | 0.633 / 0.595 / 0.589 | 1.003 | no | 0.927 / 0.909 | 0.757 / 0.784 | 0.796 / 0.838 | 0.313 / 0.366 |
| TYPE-CONSENSUS/T+ | BOTH | lLN2P_a | 4 | 2.647 (474) | no | 186.0 / 188.5 / 186.7 | 0.726 / 0.690 / 0.682 | 1.004 | no | 0.927 / 0.911 | 0.757 / 0.785 | 0.796 / 0.837 | 0.313 / 0.365 |
| TYPE-CONSENSUS/T+ | BOTH | lLN2P_a | 16 | 2.869 (474) | no | 186.5 / 191.3 / 189.7 | 0.853 / 0.824 / 0.817 | 1.017 | no | 0.925 / 0.909 | 0.757 / 0.784 | 0.797 / 0.836 | 0.313 / 0.366 |
| TYPE-CONSENSUS/T+ | BOTH | lLN2P_b | 1 | 2.764 (509) | no | 191.3 / 191.5 / 188.2 | 0.657 / 0.621 / 0.615 | 0.984 | no | 0.928 / 0.907 | 0.773 / 0.796 | 0.795 / 0.832 | 0.320 / 0.369 |
| TYPE-CONSENSUS/T+ | BOTH | lLN2P_b | 4 | 2.784 (509) | no | 194.9 / 194.7 / 192.2 | 0.743 / 0.715 / 0.707 | 0.986 | no | 0.927 / 0.907 | 0.774 / 0.797 | 0.797 / 0.831 | 0.320 / 0.369 |
| TYPE-CONSENSUS/T+ | BOTH | lLN2P_b | 16 | 2.786 (509) | no | 197.6 / 198.2 / 195.7 | 0.859 / 0.843 / 0.835 | 0.991 | no | 0.925 / 0.907 | 0.773 / 0.796 | 0.797 / 0.831 | 0.321 / 0.370 |
| TYPE-CONSENSUS/T+ | BOTH | lLN2P_c | 1 | 4.529 (395) | yes | 184.4 / 185.5 / 184.4 | 0.628 / 0.596 / 0.589 | 1.000 | no | 0.922 / 0.924 | 0.799 / 0.829 | 0.828 / 0.860 | 0.337 / 0.379 |
| TYPE-CONSENSUS/T+ | BOTH | lLN2P_c | 4 | 4.672 (395) | yes | 186.6 / 187.6 / 187.1 | 0.718 / 0.691 / 0.683 | 1.003 | no | 0.922 / 0.923 | 0.800 / 0.829 | 0.828 / 0.858 | 0.336 / 0.380 |
| TYPE-CONSENSUS/T+ | BOTH | lLN2P_c | 16 | 4.539 (395) | yes | 188.9 / 190.7 / 189.6 | 0.842 / 0.825 / 0.818 | 1.004 | no | 0.924 / 0.923 | 0.799 / 0.829 | 0.828 / 0.856 | 0.337 / 0.381 |
| TYPE-CONSENSUS/T- | BASE | - | - | - | - | 177.0 / 180.3 / 176.0 | 1.000 / 1.000 / 1.000 | 0.995 | - | 0.627 / 0.761 | 0.434 / 0.516 | 0.395 / 0.593 | 0.116 / 0.170 |
| TYPE-CONSENSUS/T- | PATCHY | all lLN2P | - | 12.865 (1378) | yes | - | - | - | - | 0.663 / 0.818 | 0.485 / 0.574 | 0.424 / 0.622 | 0.121 / 0.171 |
| TYPE-CONSENSUS/T- | PATCHY | lLN2P_a | - | 17.505 (474) | yes | - | - | - | - | 0.630 / 0.764 | 0.438 / 0.517 | 0.406 / 0.596 | 0.116 / 0.166 |
| TYPE-CONSENSUS/T- | PATCHY | lLN2P_b | - | 13.656 (509) | yes | - | - | - | - | 0.623 / 0.773 | 0.441 / 0.526 | 0.398 / 0.604 | 0.117 / 0.172 |
| TYPE-CONSENSUS/T- | PATCHY | lLN2P_c | - | 23.061 (395) | yes | - | - | - | - | 0.655 / 0.804 | 0.472 / 0.557 | 0.426 / 0.620 | 0.121 / 0.174 |
| TYPE-CONSENSUS/T- | PRESYN | - | 1 | - | - | 160.1 / 152.9 / 149.3 | 0.656 / 0.598 / 0.588 | 0.932 | no | 0.632 / 0.764 | 0.432 / 0.518 | 0.410 / 0.630 | 0.117 / 0.168 |
| TYPE-CONSENSUS/T- | PRESYN | - | 4 | - | - | 164.1 / 161.3 / 157.1 | 0.746 / 0.696 / 0.684 | 0.957 | no | 0.632 / 0.763 | 0.432 / 0.518 | 0.408 / 0.625 | 0.117 / 0.168 |
| TYPE-CONSENSUS/T- | PRESYN | - | 16 | - | - | 167.2 / 168.0 / 164.1 | 0.858 / 0.829 / 0.820 | 0.981 | no | 0.632 / 0.761 | 0.431 / 0.517 | 0.408 / 0.627 | 0.118 / 0.169 |
| TYPE-CONSENSUS/T- | BOTH | all lLN2P | 1 | 12.505 (1378) | yes | 157.2 / 162.5 / 157.9 | 0.735 / 0.625 / 0.614 | 1.004 | no | 0.662 / 0.820 | 0.481 / 0.575 | 0.425 / 0.645 | 0.124 / 0.171 |
| TYPE-CONSENSUS/T- | BOTH | all lLN2P | 4 | 12.314 (1378) | yes | 160.2 / 167.5 / 162.8 | 0.797 / 0.723 / 0.709 | 1.016 | no | 0.662 / 0.817 | 0.480 / 0.575 | 0.425 / 0.643 | 0.123 / 0.172 |
| TYPE-CONSENSUS/T- | BOTH | all lLN2P | 16 | 12.077 (1378) | yes | 163.2 / 173.3 / 169.5 | 0.886 / 0.849 / 0.839 | 1.039 | no | 0.663 / 0.818 | 0.481 / 0.574 | 0.424 / 0.645 | 0.124 / 0.172 |
| TYPE-CONSENSUS/T- | BOTH | lLN2P_a | 1 | 15.575 (474) | yes | 159.9 / 155.3 / 148.8 | 0.684 / 0.598 / 0.588 | 0.930 | no | 0.633 / 0.768 | 0.433 / 0.516 | 0.414 / 0.625 | 0.116 / 0.164 |
| TYPE-CONSENSUS/T- | BOTH | lLN2P_a | 4 | 15.601 (474) | yes | 164.2 / 161.2 / 157.6 | 0.774 / 0.696 / 0.684 | 0.959 | no | 0.633 / 0.765 | 0.433 / 0.516 | 0.414 / 0.625 | 0.116 / 0.165 |
| TYPE-CONSENSUS/T- | BOTH | lLN2P_a | 16 | 17.878 (474) | yes | 167.1 / 167.8 / 162.9 | 0.876 / 0.829 / 0.819 | 0.975 | no | 0.633 / 0.766 | 0.433 / 0.515 | 0.413 / 0.622 | 0.117 / 0.164 |
| TYPE-CONSENSUS/T- | BOTH | lLN2P_b | 1 | 11.248 (509) | yes | 169.8 / 163.2 / 156.8 | 0.724 / 0.624 / 0.613 | 0.923 | no | 0.628 / 0.777 | 0.437 / 0.530 | 0.398 / 0.624 | 0.120 / 0.171 |
| TYPE-CONSENSUS/T- | BOTH | lLN2P_b | 4 | 11.277 (509) | yes | 173.0 / 171.0 / 164.5 | 0.786 / 0.720 / 0.708 | 0.951 | no | 0.628 / 0.776 | 0.437 / 0.529 | 0.400 / 0.621 | 0.120 / 0.171 |
| TYPE-CONSENSUS/T- | BOTH | lLN2P_b | 16 | 11.371 (509) | yes | 175.6 / 176.9 / 171.5 | 0.878 / 0.847 / 0.837 | 0.976 | no | 0.628 / 0.778 | 0.437 / 0.531 | 0.400 / 0.620 | 0.121 / 0.171 |
| TYPE-CONSENSUS/T- | BOTH | lLN2P_c | 1 | 21.321 (395) | yes | 154.9 / 155.8 / 151.6 | 0.695 / 0.599 / 0.589 | 0.979 | no | 0.655 / 0.803 | 0.469 / 0.558 | 0.432 / 0.652 | 0.124 / 0.171 |
| TYPE-CONSENSUS/T- | BOTH | lLN2P_c | 4 | 23.537 (395) | yes | 158.9 / 160.1 / 155.7 | 0.766 / 0.697 / 0.685 | 0.980 | no | 0.654 / 0.806 | 0.469 / 0.559 | 0.429 / 0.655 | 0.124 / 0.171 |
| TYPE-CONSENSUS/T- | BOTH | lLN2P_c | 16 | 21.280 (395) | yes | 161.4 / 167.1 / 162.8 | 0.865 / 0.831 / 0.820 | 1.009 | no | 0.652 / 0.805 | 0.468 / 0.558 | 0.429 / 0.655 | 0.124 / 0.173 |

EXIT=0
